7)

srujan@srujan-VirtualBox:~/cse220/lab1-master$ gcc -g hworld.c -o world
srujan@srujan-VirtualBox:~/cse220/lab1-master$ gdb world 
GNU gdb (GDB) 7.6.1-ubuntu
Copyright (C) 2013 Free Software Foundation, Inc.
License GPLv3+: GNU GPL version 3 or later <http://gnu.org/licenses/gpl.html>
This is free software: you are free to change and redistribute it.
There is NO WARRANTY, to the extent permitted by law.  Type "show copying"
and "show warranty" for details.
This GDB was configured as "x86_64-linux-gnu".
For bug reporting instructions, please see:
<http://www.gnu.org/software/gdb/bugs/>...
Reading symbols from /home/srujan/cse220/lab1-master/world...done.
(gdb) break main
Breakpoint 1 at 0x400531: file hworld.c, line 7.
(gdb) run
Starting program: /home/srujan/cse220/lab1-master/world 

Breakpoint 1, main () at hworld.c:7
7	    printf("Hello World\n"); // prints out "Hello World"
(gdb) continue 
Continuing.
Hello World
[Inferior 1 (process 6100) exited with code 014]
(gdb) continue 
The program is not being run.
(gdb) q
srujan@srujan-VirtualBox:~/cse220/lab1-master$ 

8)
srujan@srujan-VirtualBox:~/cse220/lab1-master/lab1$ ./world 
Hello World












srujan@srujan-VirtualBox:~/cse220/lab1-master$ ./mk.sh 
./mk.sh: line 2: hellomake:: command not found

